8
1 0
2 9 10
3 11
4 6
5 25 41 46
6 2 3 5
7 7 8
8 22 23 29 31 37
