8
1 0
2 9 10
3 11
4 6
5 17 22 26
6 2 3 5
7 7 8
8 31 32 33 35 37
