11
1 0
2 9 10
3 12
4 6
5 38 41 46
6 2 3 5
7 7 8
13 28 29 31 32 35
14 11
16 21 24 26
17 15 17
