10
1 0
2 9 10
4 6
6 2 3 5
7 7 8
8 18 23 24 26 28
12 19 21 22
13 29 30 32 33 35
14 11
17 12 14
