12
1 0
2 9 10
3 12
4 6
7 7 8
8 20 25 32 34 37
14 11
17 4 15
24 2 3
25 41 45 50
28 19 24 26 29
29 21 31 36 38 39
