11
1 0
2 9 10
3 12
4 6
6 2 3 5
14 11
16 17 20 26
25 41 45 50
27 28 36
29 22 25 34 35 39
30 7 8
