13
4 6 7
6 25
7 15 16 17
11 54 59 62 66
13 11 12
15 8 9 19 20 21
16 0
20 10 13 14
22 35 44 48 52
27 26 28 30
30 38 43
32 22
34 29 31 32 33 34
