11
4 6 7
5 37 44 48 50 56
6 25
7 15 16 17
11 52 59 62 66
13 10 12
16 0
20 11 13 14
26 24 26 27 32 33
32 18
38 21 29 34 41 43
