14
4 6 7
6 25
7 15 16 17
13 12 14
20 10 11 13
25 45
27 26 28 29
29 22 35 38
30 39 44
32 18
34 21 30 31 32 33
41 62
42 8 9
48 1
